// Bun Snapshot v1, https://goo.gl/fbAQLP

exports[`Highlight Plugin SDL tests Highlight test 1`] = `
"// repeated packets in bitstream
//
// should be declared in a wrapping Bitstream class
\x1B[38;2;240;0;0mclass\x1B[39m transport_packet \x1B[38;2;0;240;240m{\x1B[39m
  unsigned int\x1B[38;2;0;240;240m(\x1B[39m\x1B[38;2;0;240;0m8\x1B[39m\x1B[38;2;0;240;240m)\x1B[39m sync_byte \x1B[38;2;0;0;240m=\x1B[39m \x1B[38;2;0;240;0m0x47\x1B[39m\x1B[38;2;0;240;240m;\x1B[39m
  bit\x1B[38;2;0;240;240m(\x1B[39m\x1B[38;2;0;240;0m1\x1B[39m\x1B[38;2;0;240;240m)\x1B[39m transport_error_indicator\x1B[38;2;0;240;240m;\x1B[39m
  bit\x1B[38;2;0;240;240m(\x1B[39m\x1B[38;2;0;240;0m1\x1B[39m\x1B[38;2;0;240;240m)\x1B[39m payload_unit_start_indicator\x1B[38;2;0;240;240m;\x1B[39m
  bit\x1B[38;2;0;240;240m(\x1B[39m\x1B[38;2;0;240;0m1\x1B[39m\x1B[38;2;0;240;240m)\x1B[39m transport_priority\x1B[38;2;0;240;240m;\x1B[39m
  unsigned int\x1B[38;2;0;240;240m(\x1B[39m\x1B[38;2;0;240;0m13\x1B[39m\x1B[38;2;0;240;240m)\x1B[39m // odd but valid comment position
   PID\x1B[38;2;0;240;240m;\x1B[39m
  bit\x1B[38;2;0;240;240m(\x1B[39m\x1B[38;2;0;240;0m2\x1B[39m\x1B[38;2;0;240;240m)\x1B[39m\x1B[38;2;0;0;240m*\x1B[39m transport_scrambling_control\x1B[38;2;0;240;240m;\x1B[39m
  \x1B[38;2;240;0;0maligned\x1B[39m\x1B[38;2;0;240;240m(\x1B[39m\x1B[38;2;0;240;0m16\x1B[39m\x1B[38;2;0;240;240m)\x1B[39m bit\x1B[38;2;0;240;240m(\x1B[39m\x1B[38;2;0;240;0m2\x1B[39m\x1B[38;2;0;240;240m)\x1B[39m adaptation_field_control \x1B[38;2;0;0;240m=\x1B[39m \x1B[38;2;0;240;0m0x0000\x1B[39m\x1B[38;2;0;0;240m.\x1B[39m\x1B[38;2;0;240;0m0000\x1B[39m\x1B[38;2;0;240;240m;\x1B[39m
  \x1B[38;2;240;0;0mcomputed\x1B[39m unsigned int N \x1B[38;2;0;0;240m=\x1B[39m \x1B[38;2;0;240;0m184\x1B[39m\x1B[38;2;0;240;240m;\x1B[39m
  \x1B[38;2;240;0;0mcomputed\x1B[39m float test \x1B[38;2;0;0;240m=\x1B[39m \x1B[38;2;0;240;0m1\x1B[39me1\x1B[38;2;0;240;240m;\x1B[39m
  utf8string foo \x1B[38;2;0;0;240m=\x1B[39m \x1B[38;2;240;240;0mu"bar"\x1B[39m \x1B[38;2;240;240;0mu"foo"\x1B[39m\x1B[38;2;0;240;240m;\x1B[39m
  base64string foo2 \x1B[38;2;0;0;240m=\x1B[39m \x1B[38;2;240;240;0m"BAR"\x1B[39m\x1B[38;2;0;240;240m;\x1B[39m
  \x1B[38;2;240;0;0mcomputed\x1B[39m int dummy1 \x1B[38;2;0;0;240m=\x1B[39m \x1B[38;2;240;240;0m'ABCD'\x1B[39m \x1B[38;2;240;240;0m'01AB'\x1B[39m\x1B[38;2;0;240;240m;\x1B[39m
  \x1B[38;2;240;0;0mcomputed\x1B[39m int dummy2 \x1B[38;2;0;0;240m=\x1B[39m lengthof\x1B[38;2;0;240;240m(\x1B[39mtransport_scrambling_control\x1B[38;2;0;240;240m)\x1B[39m \x1B[38;2;0;0;240m+\x1B[39m N\x1B[38;2;0;0;240m+\x1B[39m\x1B[38;2;0;0;240m+\x1B[39m\x1B[38;2;0;240;240m;\x1B[39m
  \x1B[38;2;240;0;0mif\x1B[39m \x1B[38;2;0;240;240m(\x1B[39madaptation_field_control \x1B[38;2;0;0;240m=\x1B[39m\x1B[38;2;0;0;240m=\x1B[39m \x1B[38;2;0;240;0m0b10\x1B[39m \x1B[38;2;0;0;240m|\x1B[39m\x1B[38;2;0;0;240m|\x1B[39m adaptation_field_control \x1B[38;2;0;0;240m=\x1B[39m\x1B[38;2;0;0;240m=\x1B[39m \x1B[38;2;0;240;0m0b11\x1B[39m\x1B[38;2;0;240;240m)\x1B[39m \x1B[38;2;0;240;240m{\x1B[39m
    adaptation_field data\x1B[38;2;0;240;240m;\x1B[39m // previously declared class

    // N is 184 minus the number of bytes in the adaptation_field
    N \x1B[38;2;0;0;240m=\x1B[39m N \x1B[38;2;0;0;240m-\x1B[39m // and another
    \x1B[38;2;0;240;0m1\x1B[39m // and another odd comment
     \x1B[38;2;0;0;240m-\x1B[39m data\x1B[38;2;0;0;240m.\x1B[39madaptation_field_length\x1B[38;2;0;240;240m;\x1B[39m
  \x1B[38;2;0;240;240m}\x1B[39m
  \x1B[38;2;240;0;0mif\x1B[39m \x1B[38;2;0;240;240m(\x1B[39madaptation_field_control \x1B[38;2;0;0;240m=\x1B[39m\x1B[38;2;0;0;240m=\x1B[39m \x1B[38;2;0;240;0m0b01\x1B[39m \x1B[38;2;0;0;240m|\x1B[39m\x1B[38;2;0;0;240m|\x1B[39m adaptation_field_control \x1B[38;2;0;0;240m=\x1B[39m\x1B[38;2;0;0;240m=\x1B[39m \x1B[38;2;0;240;0m0b11\x1B[39m\x1B[38;2;0;240;240m)\x1B[39m \x1B[38;2;0;240;240m{\x1B[39m
    bit\x1B[38;2;0;240;240m(\x1B[39m\x1B[38;2;0;240;0m8\x1B[39m\x1B[38;2;0;240;240m)\x1B[39m data_byte\x1B[38;2;0;240;240m[\x1B[39mN\x1B[38;2;0;240;240m]\x1B[39m\x1B[38;2;0;240;240m;\x1B[39m
  \x1B[38;2;0;240;240m}\x1B[39m
\x1B[38;2;0;240;240m}\x1B[39m

\x1B[38;2;240;0;0mmap\x1B[39m Offsets \x1B[38;2;0;240;240m(\x1B[39mint\x1B[38;2;0;240;240m)\x1B[39m \x1B[38;2;0;240;240m{\x1B[39m
  \x1B[38;2;0;240;0m0b00\x1B[39m, \x1B[38;2;0;240;240m{\x1B[39m \x1B[38;2;0;240;0m1024\x1B[39m \x1B[38;2;0;240;240m}\x1B[39m,
  \x1B[38;2;0;240;0m0b01\x1B[39m, \x1B[38;2;0;240;240m{\x1B[39m \x1B[38;2;0;240;0m2048\x1B[39m \x1B[38;2;0;240;240m}\x1B[39m
\x1B[38;2;0;240;240m}\x1B[39m

\x1B[38;2;240;0;0mexpandable\x1B[39m\x1B[38;2;0;240;240m(\x1B[39m\x1B[38;2;0;240;0m20\x1B[39m\x1B[38;2;0;240;240m)\x1B[39m \x1B[38;2;240;0;0mclass\x1B[39m odd\x1B[38;2;0;240;240m(\x1B[39mint a, B b\x1B[38;2;0;240;240m)\x1B[39m \x1B[38;2;240;0;0mextends\x1B[39m odder\x1B[38;2;0;240;240m(\x1B[39ma\x1B[38;2;0;240;240m)\x1B[39m \x1B[38;2;0;240;240m:\x1B[39m bit\x1B[38;2;0;240;240m(\x1B[39m\x1B[38;2;0;240;0m2\x1B[39m\x1B[38;2;0;240;240m)\x1B[39m id \x1B[38;2;0;0;240m=\x1B[39m \x1B[38;2;0;240;0m2\x1B[39m \x1B[38;2;0;240;240m{\x1B[39m
  \x1B[38;2;240;0;0mreserved\x1B[39m unsigned int\x1B[38;2;0;240;240m(\x1B[39mOffsets\x1B[38;2;0;240;240m)\x1B[39m offset\x1B[38;2;0;240;240m;\x1B[39m
  \x1B[38;2;240;0;0mcomputed\x1B[39m int myArray\x1B[38;2;0;240;240m[\x1B[39m\x1B[38;2;0;240;0m2\x1B[39m\x1B[38;2;0;240;240m]\x1B[39m\x1B[38;2;0;240;240m;\x1B[39m
  \x1B[38;2;240;0;0mcomputed\x1B[39m int i \x1B[38;2;0;0;240m=\x1B[39m \x1B[38;2;0;240;0m1\x1B[39m\x1B[38;2;0;240;240m;\x1B[39m
  Strange s\x1B[38;2;0;240;240m(\x1B[39m\x1B[38;2;0;240;0m1\x1B[39m, \x1B[38;2;0;240;0m2\x1B[39m\x1B[38;2;0;240;240m)\x1B[39m\x1B[38;2;0;240;240m;\x1B[39m
  \x1B[38;2;240;0;0mwhile\x1B[39m \x1B[38;2;0;240;240m(\x1B[39mi \x1B[38;2;0;0;240m<\x1B[39m \x1B[38;2;0;240;0m2\x1B[39m\x1B[38;2;0;240;240m)\x1B[39m \x1B[38;2;0;240;240m{\x1B[39m
    i\x1B[38;2;0;0;240m+\x1B[39m\x1B[38;2;0;0;240m+\x1B[39m\x1B[38;2;0;240;240m;\x1B[39m
  \x1B[38;2;0;240;240m}\x1B[39m
  i \x1B[38;2;0;0;240m=\x1B[39m \x1B[38;2;0;240;0m2\x1B[39m\x1B[38;2;0;240;240m;\x1B[39m
  \x1B[38;2;240;0;0mdo\x1B[39m \x1B[38;2;0;240;240m{\x1B[39m
    i\x1B[38;2;0;0;240m-\x1B[39m\x1B[38;2;0;0;240m-\x1B[39m\x1B[38;2;0;240;240m;\x1B[39m
  \x1B[38;2;0;240;240m}\x1B[39m \x1B[38;2;240;0;0mwhile\x1B[39m \x1B[38;2;0;240;240m(\x1B[39mi \x1B[38;2;0;0;240m>\x1B[39m \x1B[38;2;0;240;0m0\x1B[39m\x1B[38;2;0;240;240m)\x1B[39m\x1B[38;2;0;240;240m;\x1B[39m
  \x1B[38;2;240;0;0mif\x1B[39m \x1B[38;2;0;240;240m(\x1B[39m\x1B[38;2;0;240;0m1\x1B[39m\x1B[38;2;0;240;240m)\x1B[39m \x1B[38;2;0;240;240m{\x1B[39m
    i\x1B[38;2;0;0;240m+\x1B[39m\x1B[38;2;0;0;240m+\x1B[39m\x1B[38;2;0;240;240m;\x1B[39m
  \x1B[38;2;0;240;240m}\x1B[39m
  \x1B[38;2;240;0;0melse\x1B[39m \x1B[38;2;240;0;0mif\x1B[39m \x1B[38;2;0;240;240m(\x1B[39m\x1B[38;2;0;240;0m1\x1B[39m\x1B[38;2;0;240;240m)\x1B[39m \x1B[38;2;0;240;240m{\x1B[39m
    i\x1B[38;2;0;0;240m-\x1B[39m\x1B[38;2;0;0;240m-\x1B[39m\x1B[38;2;0;240;240m;\x1B[39m
  \x1B[38;2;0;240;240m}\x1B[39m
  \x1B[38;2;240;0;0melse\x1B[39m \x1B[38;2;0;240;240m{\x1B[39m
    i\x1B[38;2;0;0;240m+\x1B[39m\x1B[38;2;0;0;240m+\x1B[39m\x1B[38;2;0;240;240m;\x1B[39m
  \x1B[38;2;0;240;240m}\x1B[39m
  \x1B[38;2;240;0;0mif\x1B[39m \x1B[38;2;0;240;240m(\x1B[39m\x1B[38;2;0;240;0m1\x1B[39m\x1B[38;2;0;240;240m)\x1B[39m
    \x1B[38;2;240;0;0mif\x1B[39m \x1B[38;2;0;240;240m(\x1B[39m\x1B[38;2;0;240;0m2\x1B[39m\x1B[38;2;0;240;240m)\x1B[39m
      i\x1B[38;2;0;0;240m-\x1B[39m\x1B[38;2;0;0;240m-\x1B[39m\x1B[38;2;0;240;240m;\x1B[39m
    \x1B[38;2;240;0;0melse\x1B[39m
      i\x1B[38;2;0;0;240m+\x1B[39m\x1B[38;2;0;0;240m+\x1B[39m\x1B[38;2;0;240;240m;\x1B[39m
  \x1B[38;2;240;0;0mswitch\x1B[39m \x1B[38;2;0;240;240m(\x1B[39mi\x1B[38;2;0;240;240m)\x1B[39m \x1B[38;2;0;240;240m{\x1B[39m
    \x1B[38;2;240;0;0mcase\x1B[39m \x1B[38;2;0;240;0m0\x1B[39m\x1B[38;2;0;240;240m:\x1B[39m
    \x1B[38;2;240;0;0mcase\x1B[39m \x1B[38;2;0;240;0m1\x1B[39m\x1B[38;2;0;240;240m:\x1B[39m
      // nothing
      \x1B[38;2;240;0;0mbreak\x1B[39m\x1B[38;2;0;240;240m;\x1B[39m
    \x1B[38;2;240;0;0mdefault\x1B[39m\x1B[38;2;0;240;240m:\x1B[39m
      i\x1B[38;2;0;0;240m+\x1B[39m\x1B[38;2;0;0;240m+\x1B[39m\x1B[38;2;0;240;240m;\x1B[39m
    // foo
  \x1B[38;2;0;240;240m}\x1B[39m
\x1B[38;2;0;240;240m}\x1B[39m

\x1B[38;2;240;0;0mclass\x1B[39m odd2\x1B[38;2;0;240;240m(\x1B[39mint a\x1B[38;2;0;240;240m)\x1B[39m \x1B[38;2;0;240;240m{\x1B[39m
  \x1B[38;2;240;0;0mcomputed\x1B[39m int x \x1B[38;2;0;0;240m=\x1B[39m \x1B[38;2;0;240;0m0\x1B[39m\x1B[38;2;0;240;240m;\x1B[39m
  \x1B[38;2;240;0;0mfor\x1B[39m \x1B[38;2;0;240;240m(\x1B[39m\x1B[38;2;240;0;0mcomputed\x1B[39m int j \x1B[38;2;0;0;240m=\x1B[39m \x1B[38;2;0;240;0m0\x1B[39m\x1B[38;2;0;240;240m;\x1B[39m j \x1B[38;2;0;0;240m<\x1B[39m \x1B[38;2;0;240;0m2\x1B[39m\x1B[38;2;0;240;240m;\x1B[39m j\x1B[38;2;0;0;240m+\x1B[39m\x1B[38;2;0;0;240m+\x1B[39m\x1B[38;2;0;240;240m)\x1B[39m \x1B[38;2;0;240;240m{\x1B[39m
    x\x1B[38;2;0;0;240m+\x1B[39m\x1B[38;2;0;0;240m+\x1B[39m\x1B[38;2;0;240;240m;\x1B[39m
  \x1B[38;2;0;240;240m}\x1B[39m
  \x1B[38;2;240;0;0mfor\x1B[39m \x1B[38;2;0;240;240m(\x1B[39m\x1B[38;2;0;240;240m;\x1B[39m j \x1B[38;2;0;0;240m>\x1B[39m \x1B[38;2;0;240;0m0\x1B[39m\x1B[38;2;0;240;240m;\x1B[39m j\x1B[38;2;0;0;240m-\x1B[39m\x1B[38;2;0;0;240m-\x1B[39m\x1B[38;2;0;240;240m)\x1B[39m \x1B[38;2;0;240;240m{\x1B[39m
  \x1B[38;2;0;240;240m}\x1B[39m
\x1B[38;2;0;240;240m}\x1B[39m // until EOF
"
`;
